{
    "Star builds index and aligns reads -- PE reads.": {
        "content": [
            {
                "0": [
                    [
                        {
                            "sampleName": "SRR6924569",
                            "sampleNumber": "1",
                            "lane": "001",
                            "readType": "paired",
                            "rgFields": {
                                "ID": "SRR6924569.001",
                                "SM": "SRR6924569",
                                "LB": "SRR6924569",
                                "PL": "ILLUMINA"
                            }
                        },
                        "SRR6924569_L001_Aligned.out.sam:md5,645f250c180cc36c5898053e2e4eb6b5"
                    ]
                ],
                "alignments": [
                    [
                        {
                            "sampleName": "SRR6924569",
                            "sampleNumber": "1",
                            "lane": "001",
                            "readType": "paired",
                            "rgFields": {
                                "ID": "SRR6924569.001",
                                "SM": "SRR6924569",
                                "LB": "SRR6924569",
                                "PL": "ILLUMINA"
                            }
                        },
                        "SRR6924569_L001_Aligned.out.sam:md5,645f250c180cc36c5898053e2e4eb6b5"
                    ]
                ]
            }
        ],
        "meta": {
            "nf-test": "0.9.0",
            "nextflow": "23.10.1"
        },
        "timestamp": "2024-10-14T14:12:10.149284233"
    },
    "Star builds index and aligns reads -- SE reads.": {
        "content": [
            {
                "0": [
                    [
                        {
                            "sampleName": "SRR1066657",
                            "sampleNumber": "3",
                            "lane": "001",
                            "readType": "single",
                            "rgFields": {
                                "ID": "SRR1066657.001",
                                "SM": "SRR1066657",
                                "LB": "SRR1066657",
                                "PL": "ILLUMINA"
                            }
                        },
                        "SRR1066657_L001_Aligned.out.sam:md5,7399b4b60d585f02ae3db8a3e3867ea9"
                    ]
                ],
                "alignments": [
                    [
                        {
                            "sampleName": "SRR1066657",
                            "sampleNumber": "3",
                            "lane": "001",
                            "readType": "single",
                            "rgFields": {
                                "ID": "SRR1066657.001",
                                "SM": "SRR1066657",
                                "LB": "SRR1066657",
                                "PL": "ILLUMINA"
                            }
                        },
                        "SRR1066657_L001_Aligned.out.sam:md5,7399b4b60d585f02ae3db8a3e3867ea9"
                    ]
                ]
            }
        ],
        "meta": {
            "nf-test": "0.9.0",
            "nextflow": "23.10.1"
        },
        "timestamp": "2024-10-14T14:08:39.030618946"
    }
}