{
    "PREPARE_INPUTS succeeds when valid samplesheet, genome, and annotation are supplied.": {
        "content": [
            {
                "0": [
                    [
                        {
                            "sampleName": "SRR1066657",
                            "lane": "001",
                            "trimStatus": "raw",
                            "readType": "single",
                            "rgFields": {
                                "ID": "SRR1066657.001",
                                "SM": "SRR1066657",
                                "LB": "SRR1066657",
                                "PL": "ILLUMINA"
                            }
                        },
                        "/utia-gc/ngs-test/raw/rnaseq/reads/raw/SRR1066657_S3_L001_R1_001.fastq.gz",
                        "SRR1066657_S3_L001_R1_001.NOFILE:md5,d41d8cd98f00b204e9800998ecf8427e"
                    ],
                    [
                        {
                            "sampleName": "SRR1066657",
                            "lane": "002",
                            "trimStatus": "raw",
                            "readType": "single",
                            "rgFields": {
                                "ID": "SRR1066657.002",
                                "SM": "SRR1066657",
                                "LB": "SRR1066657",
                                "PL": "ILLUMINA"
                            }
                        },
                        "/utia-gc/ngs-test/raw/rnaseq/reads/raw/SRR1066657_S3_L002_R1_001.fastq.gz",
                        "SRR1066657_S3_L002_R1_001.NOFILE:md5,d41d8cd98f00b204e9800998ecf8427e"
                    ],
                    [
                        {
                            "sampleName": "SRR6924569",
                            "lane": "001",
                            "trimStatus": "raw",
                            "readType": "paired",
                            "rgFields": {
                                "ID": "SRR6924569.001",
                                "SM": "SRR6924569",
                                "LB": "SRR6924569",
                                "PL": "ILLUMINA"
                            }
                        },
                        "/utia-gc/ngs-test/raw/rnaseq/reads/raw/SRR6924569_S1_L001_R1_001.fastq.gz",
                        "/utia-gc/ngs-test/raw/rnaseq/reads/raw/SRR6924569_S1_L001_R2_001.fastq.gz"
                    ],
                    [
                        {
                            "sampleName": "SRR6924569",
                            "lane": "002",
                            "trimStatus": "raw",
                            "readType": "paired",
                            "rgFields": {
                                "ID": "SRR6924569.002",
                                "SM": "SRR6924569",
                                "LB": "SRR6924569",
                                "PL": "ILLUMINA"
                            }
                        },
                        "/utia-gc/ngs-test/raw/rnaseq/reads/raw/SRR6924569_S1_L002_R1_001.fastq.gz",
                        "/utia-gc/ngs-test/raw/rnaseq/reads/raw/SRR6924569_S1_L002_R2_001.fastq.gz"
                    ]
                ],
                "1": [
                    "genome_I.fa:md5,e050100d0a9a7d06a8accf8424ad0d98"
                ],
                "2": [
                    "genome_I.fa.fai:md5,2cd76d936cbfa386b14154506c2041b2"
                ],
                "3": [
                    "annotations_I.gtf:md5,61525d86cb937e0fe5b349215c50498c"
                ],
                "annotations": [
                    "annotations_I.gtf:md5,61525d86cb937e0fe5b349215c50498c"
                ],
                "genome": [
                    "genome_I.fa:md5,e050100d0a9a7d06a8accf8424ad0d98"
                ],
                "genome_index": [
                    "genome_I.fa.fai:md5,2cd76d936cbfa386b14154506c2041b2"
                ],
                "samples": [
                    [
                        {
                            "sampleName": "SRR1066657",
                            "lane": "001",
                            "trimStatus": "raw",
                            "readType": "single",
                            "rgFields": {
                                "ID": "SRR1066657.001",
                                "SM": "SRR1066657",
                                "LB": "SRR1066657",
                                "PL": "ILLUMINA"
                            }
                        },
                        "/utia-gc/ngs-test/raw/rnaseq/reads/raw/SRR1066657_S3_L001_R1_001.fastq.gz",
                        "SRR1066657_S3_L001_R1_001.NOFILE:md5,d41d8cd98f00b204e9800998ecf8427e"
                    ],
                    [
                        {
                            "sampleName": "SRR1066657",
                            "lane": "002",
                            "trimStatus": "raw",
                            "readType": "single",
                            "rgFields": {
                                "ID": "SRR1066657.002",
                                "SM": "SRR1066657",
                                "LB": "SRR1066657",
                                "PL": "ILLUMINA"
                            }
                        },
                        "/utia-gc/ngs-test/raw/rnaseq/reads/raw/SRR1066657_S3_L002_R1_001.fastq.gz",
                        "SRR1066657_S3_L002_R1_001.NOFILE:md5,d41d8cd98f00b204e9800998ecf8427e"
                    ],
                    [
                        {
                            "sampleName": "SRR6924569",
                            "lane": "001",
                            "trimStatus": "raw",
                            "readType": "paired",
                            "rgFields": {
                                "ID": "SRR6924569.001",
                                "SM": "SRR6924569",
                                "LB": "SRR6924569",
                                "PL": "ILLUMINA"
                            }
                        },
                        "/utia-gc/ngs-test/raw/rnaseq/reads/raw/SRR6924569_S1_L001_R1_001.fastq.gz",
                        "/utia-gc/ngs-test/raw/rnaseq/reads/raw/SRR6924569_S1_L001_R2_001.fastq.gz"
                    ],
                    [
                        {
                            "sampleName": "SRR6924569",
                            "lane": "002",
                            "trimStatus": "raw",
                            "readType": "paired",
                            "rgFields": {
                                "ID": "SRR6924569.002",
                                "SM": "SRR6924569",
                                "LB": "SRR6924569",
                                "PL": "ILLUMINA"
                            }
                        },
                        "/utia-gc/ngs-test/raw/rnaseq/reads/raw/SRR6924569_S1_L002_R1_001.fastq.gz",
                        "/utia-gc/ngs-test/raw/rnaseq/reads/raw/SRR6924569_S1_L002_R2_001.fastq.gz"
                    ]
                ]
            }
        ],
        "meta": {
            "nf-test": "0.9.0",
            "nextflow": "23.10.1"
        },
        "timestamp": "2024-10-14T11:43:04.214740495"
    }
}